2026-06-28 14:10:25 - ffmpeg not found. Installing...
2026-06-28 14:29:11 - ffmpeg not found. Installing...
2026-06-28 14:29:41 - === Standard video generation ===
2026-06-28 14:29:43 - Failed to obtain upload URL.
2026-06-28 14:36:56 - ffmpeg not found in PATH. Importing/Installing...
2026-06-28 14:36:57 - === AI/ML automated video creation ===
2026-06-28 14:37:33 - Trending topic: Artificial Intelligence and Machine Learning Trends
2026-06-28 14:40:41 - AI Image Generation yielded 0 images. Creating a placeholder dummy video instead.
2026-06-28 14:40:45 - Merging and looping audio with dummy video...
2026-06-28 14:40:47 - Failed to obtain upload URL.
2026-06-28 14:41:32 - ffmpeg not found in PATH. Importing/Installing...
2026-06-28 14:41:33 - === AI/ML automated video creation ===
2026-06-28 14:41:54 - Trending topic: Artificial Intelligence and Machine Learning Trends
2026-06-28 14:44:17 - AI Image Generation yielded 0 images. Creating a placeholder dummy video instead.
2026-06-28 14:44:20 - Merging and looping audio with dummy video...
2026-06-28 14:44:23 - Failed to obtain upload URL.
2026-06-28 14:45:07 - ffmpeg not found in PATH. Importing/Installing...
2026-06-28 14:45:08 - === AI/ML automated video creation ===
2026-06-28 14:45:56 - Trending topic: Artificial Intelligence and Machine Learning Trends
2026-06-28 14:47:57 - AI Image Generation yielded 0 images. Creating a placeholder dummy video instead.
2026-06-28 14:48:01 - Merging and looping audio with dummy video...
2026-06-28 14:48:03 - Failed to obtain upload URL.
2026-06-28 14:48:35 - ffmpeg not found in PATH. Importing/Installing...
2026-06-28 14:48:37 - === AI/ML automated video creation ===
2026-06-28 14:49:07 - Trending topic: Artificial Intelligence and Machine Learning Trends
2026-06-28 14:50:30 - AI Image Generation yielded 0 images. Creating a placeholder dummy video instead.
2026-06-28 14:50:34 - Merging and looping audio with dummy video...
2026-06-28 14:50:36 - Failed to obtain upload URL.
2026-06-28 14:51:10 - ffmpeg not found in PATH. Importing/Installing...
2026-06-28 14:51:11 - === AI/ML automated video creation ===
2026-06-28 14:51:33 - Trending topic: Artificial Intelligence and Machine Learning Trends
2026-06-28 14:52:57 - AI Image Generation yielded 0 images. Creating a placeholder dummy video instead.
2026-06-28 14:52:59 - Merging and looping audio with dummy video...
2026-06-28 14:53:02 - Failed to obtain upload URL.
2026-06-28 14:54:11 - ffmpeg not found in PATH. Importing/Installing...
2026-06-28 14:54:12 - === AI/ML automated video creation ===
2026-06-28 14:54:31 - Trending topic: Artificial Intelligence and Machine Learning Trends
2026-06-28 14:55:53 - AI Image Generation yielded 0 images. Creating a placeholder dummy video instead.
2026-06-28 15:02:09 - Merging and looping audio with dummy video...
2026-06-28 15:05:29 - Failed to obtain upload URL.
2026-06-28 15:13:30 - ffmpeg not found in PATH. Importing/Installing...
2026-06-28 15:13:31 - Video file already exists at C:\Users\ak731\Desktop\DSA\Portfolio Management System\hour_video.mp4. Skipping video generation.
2026-06-28 15:18:03 - ffmpeg not found in PATH. Importing/Installing...
2026-06-28 15:18:04 - Video file already exists at C:\Users\ak731\Desktop\DSA\Portfolio Management System\hour_video.mp4. Skipping video generation.
2026-06-28 15:18:10 - Upload successful. Video ID: Xt1h3kqdHqw
2026-06-28 15:18:11 - Thumbnail uploaded for video Xt1h3kqdHqw
2026-06-28 15:18:11 - Video uploaded successfully! View at https://youtu.be/Xt1h3kqdHqw
2026-06-28 15:20:55 - ffmpeg not found in PATH. Importing/Installing...
2026-06-28 15:21:04 - Video file already exists at C:\Users\ak731\Desktop\DSA\Portfolio Management System\hour_video.mp4. Skipping video generation.
2026-06-28 15:21:11 - Upload successful. Video ID: 7mvXtxcTdxk
2026-06-28 15:21:17 - Thumbnail uploaded for video 7mvXtxcTdxk
2026-06-28 15:21:17 - Video uploaded successfully! View at https://youtu.be/7mvXtxcTdxk
2026-06-28 15:23:07 - ffmpeg not found in PATH. Importing/Installing...
2026-06-28 15:23:08 - === AI/ML automated video creation ===
2026-06-28 15:23:30 - Trending topic: Artificial Intelligence and Machine Learning Trends
2026-06-28 15:25:26 - AI Image Generation yielded 0 images. Creating a placeholder dummy video instead.
2026-06-28 15:30:28 - Merging and looping audio with dummy video...
2026-06-28 15:32:00 - Upload successful. Video ID: aCi-TDLOyF4
2026-06-28 15:32:04 - Thumbnail uploaded for video aCi-TDLOyF4
2026-06-28 15:32:04 - Video uploaded successfully! View at https://youtu.be/aCi-TDLOyF4
2026-06-28 16:00:29 - ffmpeg not found in PATH. Importing/Installing...
2026-06-28 16:00:30 - === AI/ML automated video creation ===
2026-06-28 16:00:54 - Trending topic: Artificial Intelligence and Machine Learning Trends
2026-06-28 16:01:48 - Generating video from images...
2026-06-28 16:01:50 - Failed to generate video.
2026-06-28 16:02:26 - ffmpeg not found in PATH. Importing/Installing...
2026-06-28 16:02:28 - === AI/ML automated video creation ===
2026-06-28 16:03:04 - Trending topic: Artificial Intelligence and Machine Learning Trends
2026-06-28 16:04:09 - Generating video from images...
2026-06-28 16:10:32 - Merging and looping audio...
2026-06-28 16:12:01 - Video generated at C:\Users\ak731\Desktop\DSA\Portfolio Management System\hour_video.mp4
2026-06-28 16:12:11 - Upload successful. Video ID: Ib-ZfH5dLDA
2026-06-28 16:12:14 - Thumbnail uploaded for video Ib-ZfH5dLDA
2026-06-28 16:12:14 - Video uploaded successfully! View at https://youtu.be/Ib-ZfH5dLDA
2026-06-28 17:22:58 - ffmpeg not found in PATH. Importing/Installing...
2026-06-28 17:24:28 - === Standard video generation ===
2026-06-28 17:32:54 - Upload successful. Video ID: b1j0dzDCJJQ
2026-06-28 17:33:50 - Thumbnail uploaded for video b1j0dzDCJJQ
2026-06-28 17:33:51 - Video uploaded successfully! View at https://youtu.be/b1j0dzDCJJQ
2026-06-28 20:22:34 - ffmpeg not found in PATH. Importing/Installing...
2026-06-28 20:25:57 - === Standard video generation ===
2026-06-28 20:41:14 - Upload successful. Video ID: r6877D7qlqU
2026-06-28 20:52:35 - Thumbnail uploaded for video r6877D7qlqU
2026-06-28 20:52:35 - Video uploaded successfully! View at https://youtu.be/r6877D7qlqU
2026-06-28 22:30:04 - ffmpeg not found in PATH. Importing/Installing...
2026-06-28 22:30:05 - === AI/ML automated video creation ===
2026-06-28 22:30:46 - Trending topic: Artificial Intelligence and Machine Learning Trends
2026-06-28 22:32:19 - Generating video from images...
2026-06-28 22:35:20 - Merging and looping audio...
2026-06-28 22:36:01 - Video generated at C:\Users\ak731\Desktop\DSA\Portfolio Management System\hour_video.mp4
2026-06-28 22:36:07 - Upload successful. Video ID: 0EWfhF7GCKs
2026-06-28 22:36:10 - Thumbnail uploaded for video 0EWfhF7GCKs
2026-06-28 22:36:10 - Video uploaded successfully! View at https://youtu.be/0EWfhF7GCKs
2026-06-28 22:41:06 - ffmpeg not found in PATH. Importing/Installing...
2026-06-28 22:41:09 - === Standard video generation ===
2026-06-28 22:41:22 - Upload successful. Video ID: NUdWTgifbWM
2026-06-28 22:41:27 - Thumbnail uploaded for video NUdWTgifbWM
2026-06-28 22:41:27 - Video uploaded successfully! View at https://youtu.be/NUdWTgifbWM
2026-06-28 22:41:28 - Failed to obtain upload URL.
2026-06-28 22:42:27 - ffmpeg not found in PATH. Importing/Installing...
2026-06-28 22:42:28 - === Standard video generation ===
2026-06-28 22:42:36 - Upload successful. Video ID: X5mGu0rci1c
2026-06-28 22:42:39 - Thumbnail uploaded for video X5mGu0rci1c
2026-06-28 22:42:39 - Video uploaded successfully! View at https://youtu.be/X5mGu0rci1c
2026-06-28 22:42:42 - Upload successful. Video ID: iWg5iO9hDO4
2026-06-28 22:48:14 - ffmpeg not found in PATH. Importing/Installing...
2026-06-28 22:48:17 - === Standard video generation ===
2026-06-28 22:48:40 - Upload successful. Video ID: k_EfmMNmmeA
2026-06-28 22:48:43 - Thumbnail uploaded for video k_EfmMNmmeA
2026-06-28 22:48:43 - Video uploaded successfully! View at https://youtu.be/k_EfmMNmmeA
2026-06-28 22:48:48 - Upload successful. Video ID: vToJjLT3m1c
2026-06-28 22:50:38 - ffmpeg not found in PATH. Importing/Installing...
2026-06-28 22:50:40 - === Standard video generation ===
2026-06-28 22:50:46 - Upload successful. Video ID: x4wD5FbhhTU
2026-06-28 22:50:48 - Thumbnail uploaded for video x4wD5FbhhTU
2026-06-28 22:50:48 - Video uploaded successfully! View at https://youtu.be/x4wD5FbhhTU
2026-06-28 22:50:52 - Upload successful. Video ID: wpCqwomFgds
2026-06-28 23:49:20 - ffmpeg not found in PATH. Importing/Installing...
2026-06-28 23:49:24 - === Standard video generation ===
2026-06-28 23:49:32 - Upload successful. Video ID: YzCnG3Xh_s4
2026-06-28 23:49:35 - Thumbnail uploaded for video YzCnG3Xh_s4
2026-06-28 23:49:35 - Video uploaded successfully! View at https://youtu.be/YzCnG3Xh_s4
2026-06-29 01:20:47 - ffmpeg not found in PATH. Importing/Installing...
2026-06-29 01:20:48 - === Standard video generation ===
2026-06-29 01:20:53 - Upload successful. Video ID: 1Zmhuhb68Ds
2026-06-29 01:20:55 - Thumbnail uploaded for video 1Zmhuhb68Ds
2026-06-29 01:20:55 - Video uploaded successfully! View at https://youtu.be/1Zmhuhb68Ds
2026-06-29 21:31:53 - ffmpeg not found in PATH. Importing/Installing...
2026-06-29 21:31:55 - === Standard video generation ===
2026-06-29 21:32:01 - Upload successful. Video ID: WHi3z5jOf0Y
2026-06-29 21:32:06 - Thumbnail uploaded for video WHi3z5jOf0Y
2026-06-29 21:32:06 - Video uploaded successfully! View at https://youtu.be/WHi3z5jOf0Y
2026-06-29 22:20:47 - ffmpeg not found in PATH. Importing/Installing...
2026-06-29 22:20:47 - === Standard video generation ===
2026-06-29 22:20:52 - Upload successful. Video ID: uJ_4lYtI2H0
2026-06-29 22:20:57 - Thumbnail uploaded for video uJ_4lYtI2H0
2026-06-29 22:20:57 - Video uploaded successfully! View at https://youtu.be/uJ_4lYtI2H0
2026-06-29 22:31:54 - Using local ffmpeg at: C:\Users\ak731\Desktop\DSA\Portfolio Management System\ffmpeg\bin\ffmpeg.exe
2026-06-29 22:31:55 - === Standard video generation ===
2026-06-29 22:32:00 - Upload successful. Video ID: Di8vJMWLyg0
2026-06-29 22:32:04 - Thumbnail uploaded for video Di8vJMWLyg0
2026-06-29 22:32:04 - Video uploaded successfully! View at https://youtu.be/Di8vJMWLyg0
2026-06-29 22:33:42 - Using local ffmpeg at: C:\Users\ak731\Desktop\DSA\Portfolio Management System\ffmpeg\bin\ffmpeg.exe
2026-06-29 22:33:43 - === Standard video generation ===
2026-06-29 22:35:27 - Upload successful. Video ID: YOM9tGNmjWw
2026-06-29 22:35:32 - Thumbnail uploaded for video YOM9tGNmjWw
2026-06-29 22:35:32 - Video uploaded successfully! View at https://youtu.be/YOM9tGNmjWw
2026-06-29 23:21:13 - Using local ffmpeg at: C:\Users\ak731\Desktop\DSA\Portfolio Management System\ffmpeg\bin\ffmpeg.exe
2026-06-29 23:21:15 - === Standard video generation ===
2026-06-29 23:25:24 - Upload successful. Video ID: gvm6R6fh_ek
2026-06-29 23:25:30 - Thumbnail uploaded for video gvm6R6fh_ek
2026-06-29 23:25:30 - Video uploaded successfully! View at https://youtu.be/gvm6R6fh_ek
2026-06-30 21:20:48 - Using local ffmpeg at: C:\Users\ak731\Desktop\DSA\Portfolio Management System\ffmpeg\bin\ffmpeg.exe
2026-06-30 21:20:50 - === Standard video generation ===
2026-06-30 21:23:21 - Upload successful. Video ID: FmwlIn8BM3w
2026-06-30 21:23:29 - Thumbnail uploaded for video FmwlIn8BM3w
2026-06-30 21:23:29 - Video uploaded successfully! View at https://youtu.be/FmwlIn8BM3w
2026-06-30 23:08:38 - Using local ffmpeg at: C:\Users\ak731\Desktop\DSA\Portfolio Management System\ffmpeg\bin\ffmpeg.exe
2026-06-30 23:08:39 - === Standard video generation ===
2026-06-30 23:13:10 - Upload successful. Video ID: 80qnldGyp48
2026-06-30 23:13:32 - Thumbnail uploaded for video 80qnldGyp48
2026-06-30 23:13:32 - Video uploaded successfully! View at https://youtu.be/80qnldGyp48
2026-06-30 23:21:02 - Using local ffmpeg at: C:\Users\ak731\Desktop\DSA\Portfolio Management System\ffmpeg\bin\ffmpeg.exe
2026-06-30 23:21:06 - === Standard video generation ===
2026-06-30 23:34:40 - Upload successful. Video ID: YQeqeIoWj-I
2026-06-30 23:34:46 - Thumbnail uploaded for video YQeqeIoWj-I
2026-06-30 23:34:46 - Video uploaded successfully! View at https://youtu.be/YQeqeIoWj-I
2026-07-01 21:38:16 - Using local ffmpeg at: C:\Users\ak731\Desktop\DSA\Portfolio Management System\ffmpeg\bin\ffmpeg.exe
2026-07-01 21:38:22 - === Standard video generation ===
2026-07-01 22:20:47 - Using local ffmpeg at: C:\Users\ak731\Desktop\DSA\Portfolio Management System\ffmpeg\bin\ffmpeg.exe
2026-07-01 22:21:58 - === Standard video generation ===
2026-07-01 22:24:09 - Failed to obtain upload URL.
2026-07-02 22:20:49 - Using local ffmpeg at: C:\Users\ak731\Desktop\DSA\Portfolio Management System\ffmpeg\bin\ffmpeg.exe
2026-07-02 22:21:17 - === Standard video generation ===
2026-07-02 22:23:12 - Failed to obtain upload URL.
2026-07-02 23:20:48 - Using local ffmpeg at: C:\Users\ak731\Desktop\DSA\Portfolio Management System\ffmpeg\bin\ffmpeg.exe
2026-07-02 23:20:58 - === Standard video generation ===
2026-07-03 05:09:15 - Using local ffmpeg at: C:\Users\ak731\Desktop\DSA\Portfolio Management System\ffmpeg\bin\ffmpeg.exe
2026-07-03 05:09:31 - === Standard video generation ===
2026-07-03 10:13:44 - Using local ffmpeg at: C:\Users\ak731\Desktop\DSA\Portfolio Management System\ffmpeg\bin\ffmpeg.exe
2026-07-03 10:13:46 - === Standard video generation ===
2026-07-03 10:17:14 - Upload successful. Video ID: 1mwpcKzeQjk
2026-07-03 10:17:24 - Thumbnail uploaded for video 1mwpcKzeQjk
2026-07-03 10:17:24 - Video uploaded successfully! View at https://youtu.be/1mwpcKzeQjk
2026-07-03 10:20:49 - Using local ffmpeg at: C:\Users\ak731\Desktop\DSA\Portfolio Management System\ffmpeg\bin\ffmpeg.exe
2026-07-03 10:20:53 - === Standard video generation ===
2026-07-03 10:24:23 - Upload successful. Video ID: 4WqcZUQx2j0
2026-07-03 10:24:31 - Thumbnail uploaded for video 4WqcZUQx2j0
2026-07-03 10:24:31 - Video uploaded successfully! View at https://youtu.be/4WqcZUQx2j0
2026-07-03 20:21:11 - Using local ffmpeg at: C:\Users\ak731\Desktop\DSA\Portfolio Management System\ffmpeg\bin\ffmpeg.exe
2026-07-03 20:21:15 - === Standard video generation ===
2026-07-03 20:26:20 - Upload successful. Video ID: wWmFCzTJJWU
2026-07-03 20:26:29 - Thumbnail uploaded for video wWmFCzTJJWU
2026-07-03 20:26:29 - Video uploaded successfully! View at https://youtu.be/wWmFCzTJJWU
2026-07-03 21:20:53 - Using local ffmpeg at: C:\Users\ak731\Desktop\DSA\Portfolio Management System\ffmpeg\bin\ffmpeg.exe
2026-07-03 21:20:55 - === Standard video generation ===
2026-07-03 21:25:08 - Upload successful. Video ID: IUA4J3aK7HQ
2026-07-03 21:25:25 - Thumbnail uploaded for video IUA4J3aK7HQ
2026-07-03 21:25:25 - Video uploaded successfully! View at https://youtu.be/IUA4J3aK7HQ
2026-07-03 22:20:49 - Using local ffmpeg at: C:\Users\ak731\Desktop\DSA\Portfolio Management System\ffmpeg\bin\ffmpeg.exe
2026-07-03 22:20:53 - === Standard video generation ===
2026-07-03 22:24:08 - Upload successful. Video ID: CaApkIPmS84
2026-07-03 22:26:48 - Thumbnail uploaded for video CaApkIPmS84
2026-07-03 22:26:48 - Video uploaded successfully! View at https://youtu.be/CaApkIPmS84
2026-07-05 01:32:24 - Using local ffmpeg at: C:\Users\ak731\Desktop\DSA\Portfolio Management System\ffmpeg\bin\ffmpeg.exe
2026-07-05 01:32:26 - === Standard video generation ===
2026-07-05 01:35:01 - Failed to obtain upload URL.
2026-07-05 02:23:40 - Using local ffmpeg at: C:\Users\ak731\Desktop\DSA\Portfolio Management System\ffmpeg\bin\ffmpeg.exe
2026-07-05 02:23:43 - === Standard video generation ===
2026-07-05 02:25:53 - Upload successful. Video ID: dVkN6tHcMh8
2026-07-05 02:25:58 - Thumbnail uploaded for video dVkN6tHcMh8
2026-07-05 02:25:58 - Video uploaded successfully! View at https://youtu.be/dVkN6tHcMh8
2026-07-05 03:20:57 - Using local ffmpeg at: C:\Users\ak731\Desktop\DSA\Portfolio Management System\ffmpeg\bin\ffmpeg.exe
2026-07-05 03:21:12 - === Standard video generation ===
2026-07-05 03:27:04 - Upload successful. Video ID: 6GuBNxPouHg
2026-07-05 03:27:14 - Thumbnail uploaded for video 6GuBNxPouHg
2026-07-05 03:27:14 - Video uploaded successfully! View at https://youtu.be/6GuBNxPouHg
2026-07-05 10:50:23 - Using local ffmpeg at: C:\Users\ak731\Desktop\DSA\Portfolio Management System\ffmpeg\bin\ffmpeg.exe
2026-07-05 10:50:30 - === Standard video generation ===
2026-07-05 11:05:07 - Upload successful. Video ID: 
2026-07-05 11:05:26 - Thumbnail uploaded for video 
2026-07-05 11:05:26 - Video uploaded successfully! View at https://youtu.be/
2026-07-05 11:23:08 - Using local ffmpeg at: C:\Users\ak731\Desktop\DSA\Portfolio Management System\ffmpeg\bin\ffmpeg.exe
2026-07-05 11:23:14 - === Standard video generation ===
2026-07-05 11:26:28 - Failed to obtain upload URL.
2026-07-05 12:23:42 - Using local ffmpeg at: C:\Users\ak731\Desktop\DSA\Portfolio Management System\ffmpeg\bin\ffmpeg.exe
2026-07-05 12:25:10 - === Standard video generation ===
2026-07-05 12:30:41 - Failed to obtain upload URL.
2026-07-05 13:20:48 - Using local ffmpeg at: C:\Users\ak731\Desktop\DSA\Portfolio Management System\ffmpeg\bin\ffmpeg.exe
2026-07-05 13:20:50 - === Standard video generation ===
2026-07-05 13:22:59 - Failed to obtain upload URL.
2026-07-05 14:22:04 - Using local ffmpeg at: C:\Users\ak731\Desktop\DSA\Portfolio Management System\ffmpeg\bin\ffmpeg.exe
2026-07-05 14:22:51 - === Standard video generation ===
2026-07-05 14:33:26 - Failed to obtain upload URL.
2026-07-05 19:20:48 - Using local ffmpeg at: C:\Users\ak731\Desktop\DSA\Portfolio Management System\ffmpeg\bin\ffmpeg.exe
2026-07-05 19:20:50 - === Standard video generation ===
2026-07-05 19:23:27 - Failed to obtain upload URL.
2026-07-05 22:28:30 - Using local ffmpeg at: C:\Users\ak731\Desktop\DSA\Portfolio Management System\ffmpeg\bin\ffmpeg.exe
2026-07-05 22:28:37 - === Standard video generation ===
2026-07-05 22:37:45 - Failed to obtain upload URL.
2026-07-05 23:20:57 - Using local ffmpeg at: C:\Users\ak731\Desktop\DSA\Portfolio Management System\ffmpeg\bin\ffmpeg.exe
2026-07-05 23:21:02 - === Standard video generation ===
2026-07-05 23:24:58 - Failed to obtain upload URL.
2026-07-06 00:21:25 - Using local ffmpeg at: C:\Users\ak731\Desktop\DSA\Portfolio Management System\ffmpeg\bin\ffmpeg.exe
2026-07-06 00:21:27 - === Standard video generation ===
2026-07-06 00:23:37 - Failed to obtain upload URL.
2026-07-07 19:30:30 - Using local ffmpeg at: C:\Users\ak731\Desktop\DSA\Portfolio Management System\ffmpeg\bin\ffmpeg.exe
2026-07-07 19:30:31 - === Standard video generation ===
2026-07-07 19:32:16 - Failed to obtain upload URL.
2026-07-07 21:06:32 - Using local ffmpeg at: C:\Users\ak731\Desktop\DSA\Portfolio Management System\ffmpeg\bin\ffmpeg.exe
2026-07-07 21:06:55 - === Standard video generation ===
2026-07-07 21:10:19 - Failed to obtain upload URL.
2026-07-07 21:20:48 - Using local ffmpeg at: C:\Users\ak731\Desktop\DSA\Portfolio Management System\ffmpeg\bin\ffmpeg.exe
2026-07-07 21:20:50 - === Standard video generation ===
2026-07-07 21:22:31 - Failed to obtain upload URL.
2026-07-07 22:20:47 - Using local ffmpeg at: C:\Users\ak731\Desktop\DSA\Portfolio Management System\ffmpeg\bin\ffmpeg.exe
2026-07-07 22:20:48 - === Standard video generation ===
2026-07-07 22:22:52 - Failed to obtain upload URL.
2026-07-07 23:22:26 - Using local ffmpeg at: C:\Users\ak731\Desktop\DSA\Portfolio Management System\ffmpeg\bin\ffmpeg.exe
2026-07-07 23:22:33 - === Standard video generation ===
2026-07-07 23:24:44 - Failed to obtain upload URL.
2026-07-09 19:24:24 - Using local ffmpeg at: C:\Users\ak731\Desktop\DSA\Portfolio Management System\ffmpeg\bin\ffmpeg.exe
2026-07-09 19:24:28 - === Standard video generation ===
2026-07-09 19:29:15 - Failed to obtain upload URL.
2026-07-09 20:20:47 - Using local ffmpeg at: C:\Users\ak731\Desktop\DSA\Portfolio Management System\ffmpeg\bin\ffmpeg.exe
2026-07-09 20:20:48 - === Standard video generation ===
2026-07-09 20:22:16 - Failed to obtain upload URL.
2026-07-09 21:20:46 - Using local ffmpeg at: C:\Users\ak731\Desktop\DSA\Portfolio Management System\ffmpeg\bin\ffmpeg.exe
2026-07-09 21:20:47 - === Standard video generation ===
2026-07-09 21:21:56 - Failed to obtain upload URL.
2026-07-09 22:20:45 - Using local ffmpeg at: C:\Users\ak731\Desktop\DSA\Portfolio Management System\ffmpeg\bin\ffmpeg.exe
2026-07-09 22:20:46 - === Standard video generation ===
2026-07-09 22:22:06 - Failed to obtain upload URL.
2026-07-09 23:20:47 - Using local ffmpeg at: C:\Users\ak731\Desktop\DSA\Portfolio Management System\ffmpeg\bin\ffmpeg.exe
2026-07-09 23:20:48 - === Standard video generation ===
2026-07-11 00:20:48 - Using local ffmpeg at: C:\Users\ak731\Desktop\DSA\Portfolio Management System\ffmpeg\bin\ffmpeg.exe
2026-07-11 00:20:59 - === Standard video generation ===
2026-07-11 00:22:21 - Failed to obtain upload URL.
2026-07-12 09:20:48 - Using local ffmpeg at: C:\Users\ak731\Desktop\DSA\Portfolio Management System\ffmpeg\bin\ffmpeg.exe
2026-07-12 09:20:53 - === Standard video generation ===
2026-07-12 09:22:38 - Failed to obtain upload URL.
2026-07-12 23:20:45 - Using local ffmpeg at: C:\Users\ak731\Desktop\DSA\Portfolio Management System\ffmpeg\bin\ffmpeg.exe
2026-07-12 23:20:46 - === Standard video generation ===
2026-07-12 23:22:38 - Failed to obtain upload URL.
2026-07-13 00:20:50 - Using local ffmpeg at: C:\Users\ak731\Desktop\DSA\Portfolio Management System\ffmpeg\bin\ffmpeg.exe
2026-07-13 00:20:51 - === Standard video generation ===
2026-07-13 00:22:50 - Failed to obtain upload URL.
2026-07-13 20:20:45 - Using local ffmpeg at: C:\Users\ak731\Desktop\DSA\Portfolio Management System\ffmpeg\bin\ffmpeg.exe
2026-07-13 20:20:46 - === Standard video generation ===
2026-07-13 20:22:38 - Failed to obtain upload URL.
2026-07-14 21:20:46 - Using local ffmpeg at: C:\Users\ak731\Desktop\DSA\Portfolio Management System\ffmpeg\bin\ffmpeg.exe
2026-07-14 21:20:47 - === Standard video generation ===
2026-07-14 21:22:05 - Failed to obtain upload URL.
2026-07-14 22:20:46 - Using local ffmpeg at: C:\Users\ak731\Desktop\DSA\Portfolio Management System\ffmpeg\bin\ffmpeg.exe
2026-07-14 22:20:47 - === Standard video generation ===
2026-07-14 22:21:52 - Failed to obtain upload URL.
2026-07-15 23:05:21 - Using local ffmpeg at: C:\Users\ak731\Desktop\DSA\Portfolio Management System\ffmpeg\bin\ffmpeg.exe
2026-07-15 23:05:22 - === Standard video generation ===
2026-07-15 23:07:42 - Failed to obtain upload URL.
2026-07-15 23:20:46 - Using local ffmpeg at: C:\Users\ak731\Desktop\DSA\Portfolio Management System\ffmpeg\bin\ffmpeg.exe
2026-07-15 23:20:47 - === Standard video generation ===
2026-07-15 23:22:31 - Failed to obtain upload URL.
2026-07-16 00:20:48 - Using local ffmpeg at: C:\Users\ak731\Desktop\DSA\Portfolio Management System\ffmpeg\bin\ffmpeg.exe
2026-07-16 00:20:50 - === Standard video generation ===
2026-07-17 00:21:08 - Using local ffmpeg at: C:\Users\ak731\Desktop\DSA\Portfolio Management System\ffmpeg\bin\ffmpeg.exe
2026-07-17 00:21:48 - === Standard video generation ===
2026-07-17 00:26:40 - Failed to obtain upload URL.
2026-07-17 21:21:16 - Using local ffmpeg at: C:\Users\ak731\Desktop\DSA\Portfolio Management System\ffmpeg\bin\ffmpeg.exe
2026-07-17 21:21:37 - === Standard video generation ===
2026-07-17 21:37:38 - Failed to obtain upload URL.
2026-07-17 22:20:53 - Using local ffmpeg at: C:\Users\ak731\Desktop\DSA\Portfolio Management System\ffmpeg\bin\ffmpeg.exe
2026-07-17 22:20:55 - === Standard video generation ===
2026-07-17 22:22:56 - Failed to obtain upload URL.
2026-07-18 22:21:02 - Using local ffmpeg at: C:\Users\ak731\Desktop\DSA\Portfolio Management System\ffmpeg\bin\ffmpeg.exe
2026-07-18 22:21:07 - === Standard video generation ===
2026-07-18 22:23:08 - Failed to obtain upload URL.
2026-07-19 11:21:59 - Using local ffmpeg at: C:\Users\ak731\Desktop\DSA\Portfolio Management System\ffmpeg\bin\ffmpeg.exe
2026-07-19 11:22:25 - === Standard video generation ===
2026-07-19 11:42:41 - Failed to obtain upload URL.
2026-07-19 12:20:57 - Using local ffmpeg at: C:\Users\ak731\Desktop\DSA\Portfolio Management System\ffmpeg\bin\ffmpeg.exe
2026-07-19 12:21:01 - === Standard video generation ===
2026-07-19 12:23:06 - Failed to obtain upload URL.
2026-07-19 13:38:19 - Using local ffmpeg at: C:\Users\ak731\Desktop\DSA\Portfolio Management System\ffmpeg\bin\ffmpeg.exe
2026-07-19 13:38:20 - === Standard video generation ===
2026-07-19 13:40:23 - Failed to obtain upload URL.
2026-07-19 14:20:50 - Using local ffmpeg at: C:\Users\ak731\Desktop\DSA\Portfolio Management System\ffmpeg\bin\ffmpeg.exe
2026-07-19 14:21:03 - === Standard video generation ===
2026-07-19 14:23:13 - Failed to obtain upload URL.
2026-07-19 22:21:33 - Using local ffmpeg at: C:\Users\ak731\Desktop\DSA\Portfolio Management System\ffmpeg\bin\ffmpeg.exe
2026-07-19 22:22:19 - === Standard video generation ===
2026-07-19 22:24:34 - Failed to obtain upload URL.
2026-07-19 23:21:07 - Using local ffmpeg at: C:\Users\ak731\Desktop\DSA\Portfolio Management System\ffmpeg\bin\ffmpeg.exe
2026-07-19 23:21:26 - === Standard video generation ===
2026-07-19 23:25:46 - Failed to obtain upload URL.
2026-07-21 22:07:32 - Using local ffmpeg at: C:\Users\ak731\Desktop\DSA\Portfolio Management System\ffmpeg\bin\ffmpeg.exe
2026-07-21 22:07:34 - === Standard video generation ===
2026-07-22 21:21:25 - Using local ffmpeg at: C:\Users\ak731\Desktop\DSA\Portfolio Management System\ffmpeg\bin\ffmpeg.exe
2026-07-22 21:21:54 - === Standard video generation ===
2026-07-22 23:21:02 - Using local ffmpeg at: C:\Users\ak731\Desktop\DSA\Portfolio Management System\ffmpeg\bin\ffmpeg.exe
2026-07-22 23:21:04 - === Standard video generation ===
2026-07-22 23:25:56 - Failed to obtain upload URL.
2026-07-23 00:21:06 - Using local ffmpeg at: C:\Users\ak731\Desktop\DSA\Portfolio Management System\ffmpeg\bin\ffmpeg.exe
2026-07-23 00:21:10 - === Standard video generation ===
2026-07-23 00:24:49 - Failed to obtain upload URL.
2026-07-24 21:30:16 - Using local ffmpeg at: C:\Users\ak731\Desktop\DSA\Portfolio Management System\ffmpeg\bin\ffmpeg.exe
2026-07-24 21:30:24 - === Standard video generation ===
2026-07-24 21:36:58 - Failed to obtain upload URL.
2026-07-24 22:20:54 - Using local ffmpeg at: C:\Users\ak731\Desktop\DSA\Portfolio Management System\ffmpeg\bin\ffmpeg.exe
2026-07-24 22:20:57 - === Standard video generation ===
2026-07-24 22:23:23 - Failed to obtain upload URL.
2026-07-25 10:26:07 - Using local ffmpeg at: C:\Users\ak731\Desktop\DSA\Portfolio Management System\ffmpeg\bin\ffmpeg.exe
2026-07-25 10:26:14 - === Standard video generation ===
2026-07-25 10:38:17 - Failed to obtain upload URL.
2026-07-25 11:20:49 - Using local ffmpeg at: C:\Users\ak731\Desktop\DSA\Portfolio Management System\ffmpeg\bin\ffmpeg.exe
2026-07-25 11:20:51 - === Standard video generation ===
2026-07-25 11:23:18 - Failed to obtain upload URL.
2026-07-25 16:27:36 - Using local ffmpeg at: C:\Users\ak731\Desktop\DSA\Portfolio Management System\ffmpeg\bin\ffmpeg.exe
2026-07-25 16:27:40 - === Standard video generation ===
2026-07-25 16:43:35 - Failed to obtain upload URL.
2026-07-25 21:20:58 - Using local ffmpeg at: C:\Users\ak731\Desktop\DSA\Portfolio Management System\ffmpeg\bin\ffmpeg.exe
2026-07-25 21:21:00 - === Standard video generation ===
2026-07-25 21:23:14 - Failed to obtain upload URL.
2026-07-25 23:21:48 - Using local ffmpeg at: C:\Users\ak731\Desktop\DSA\Portfolio Management System\ffmpeg\bin\ffmpeg.exe
2026-07-25 23:21:51 - === Standard video generation ===
2026-07-25 23:24:40 - Failed to obtain upload URL.
2026-07-26 12:16:09 - Using local ffmpeg at: C:\Users\ak731\Desktop\DSA\Portfolio Management System\ffmpeg\bin\ffmpeg.exe
2026-07-26 12:16:10 - === Standard video generation ===
2026-07-26 12:17:29 - Failed to obtain upload URL.
2026-07-26 12:20:49 - Using local ffmpeg at: C:\Users\ak731\Desktop\DSA\Portfolio Management System\ffmpeg\bin\ffmpeg.exe
2026-07-26 12:20:50 - === Standard video generation ===
2026-07-26 12:23:18 - Failed to obtain upload URL.
2026-07-26 13:20:47 - Using local ffmpeg at: C:\Users\ak731\Desktop\DSA\Portfolio Management System\ffmpeg\bin\ffmpeg.exe
2026-07-26 13:20:48 - === Standard video generation ===
2026-07-26 13:22:56 - Failed to obtain upload URL.
2026-07-26 14:23:52 - Using local ffmpeg at: C:\Users\ak731\Desktop\DSA\Portfolio Management System\ffmpeg\bin\ffmpeg.exe
2026-07-26 14:25:09 - === Standard video generation ===
2026-07-26 14:29:57 - Failed to obtain upload URL.
2026-07-26 16:12:28 - Using local ffmpeg at: C:\Users\ak731\Desktop\DSA\Portfolio Management System\ffmpeg\bin\ffmpeg.exe
2026-07-26 16:12:45 - === Standard video generation ===
2026-07-26 16:14:39 - Failed to obtain upload URL.
2026-07-27 00:23:19 - Using local ffmpeg at: C:\Users\ak731\Desktop\DSA\Portfolio Management System\ffmpeg\bin\ffmpeg.exe
2026-07-27 00:23:34 - === Standard video generation ===
2026-07-28 22:21:37 - Using local ffmpeg at: C:\Users\ak731\Desktop\DSA\Portfolio Management System\ffmpeg\bin\ffmpeg.exe
2026-07-28 22:21:51 - === Standard video generation ===
2026-07-28 22:40:17 - Failed to obtain upload URL.
2026-07-28 23:20:47 - Using local ffmpeg at: C:\Users\ak731\Desktop\DSA\Portfolio Management System\ffmpeg\bin\ffmpeg.exe
2026-07-28 23:20:49 - === Standard video generation ===
2026-07-28 23:22:10 - Failed to obtain upload URL.
2026-07-29 21:20:47 - Using local ffmpeg at: C:\Users\ak731\Desktop\DSA\Portfolio Management System\ffmpeg\bin\ffmpeg.exe
2026-07-29 21:20:48 - === Standard video generation ===
2026-07-29 21:22:15 - Failed to obtain upload URL.
2026-07-30 22:20:59 - Using local ffmpeg at: C:\Users\ak731\Desktop\DSA\Portfolio Management System\ffmpeg\bin\ffmpeg.exe
2026-07-30 22:21:01 - === Standard video generation ===
2026-07-30 22:25:32 - Failed to obtain upload URL.
2026-07-31 21:20:47 - Using local ffmpeg at: C:\Users\ak731\Desktop\DSA\Portfolio Management System\ffmpeg\bin\ffmpeg.exe
2026-07-31 21:20:48 - === Standard video generation ===
2026-07-31 22:20:56 - Using local ffmpeg at: C:\Users\ak731\Desktop\DSA\Portfolio Management System\ffmpeg\bin\ffmpeg.exe
2026-07-31 22:20:57 - === Standard video generation ===
2026-07-31 22:23:10 - Failed to obtain upload URL.
2026-08-01 21:27:22 - Using local ffmpeg at: C:\Users\ak731\Desktop\DSA\Portfolio Management System\ffmpeg\bin\ffmpeg.exe
2026-08-01 21:27:24 - === Standard video generation ===
2026-08-01 21:29:07 - Failed to obtain upload URL.
2026-08-01 22:20:55 - Using local ffmpeg at: C:\Users\ak731\Desktop\DSA\Portfolio Management System\ffmpeg\bin\ffmpeg.exe
2026-08-01 22:20:59 - === Standard video generation ===
2026-08-01 22:22:39 - Failed to obtain upload URL.
2026-08-03 22:20:49 - Using local ffmpeg at: C:\Users\ak731\Desktop\DSA\Portfolio Management System\ffmpeg\bin\ffmpeg.exe
2026-08-03 22:20:50 - === Standard video generation ===
2026-08-03 22:23:13 - Failed to obtain upload URL.
2026-08-05 21:21:09 - Using local ffmpeg at: C:\Users\ak731\Desktop\DSA\Portfolio Management System\ffmpeg\bin\ffmpeg.exe
2026-08-05 21:21:12 - === Standard video generation ===
2026-08-05 23:11:47 - Using local ffmpeg at: C:\Users\ak731\Desktop\DSA\Portfolio Management System\ffmpeg\bin\ffmpeg.exe
2026-08-05 23:11:51 - === Standard video generation ===
2026-08-08 11:20:51 - Using local ffmpeg at: C:\Users\ak731\Desktop\DSA\Portfolio Management System\ffmpeg\bin\ffmpeg.exe
2026-08-08 11:20:52 - === Standard video generation ===
2026-08-08 11:23:00 - Failed to obtain upload URL.
2026-08-08 12:20:56 - Using local ffmpeg at: C:\Users\ak731\Desktop\DSA\Portfolio Management System\ffmpeg\bin\ffmpeg.exe
2026-08-08 12:20:59 - === Standard video generation ===
2026-08-08 12:23:16 - Failed to obtain upload URL.
2026-08-08 13:21:04 - Using local ffmpeg at: C:\Users\ak731\Desktop\DSA\Portfolio Management System\ffmpeg\bin\ffmpeg.exe
2026-08-08 13:21:08 - === Standard video generation ===
2026-08-08 13:25:39 - Failed to obtain upload URL.
